// Jest Snapshot v1, https://goo.gl/fbAQLP

exports[`ListItem component renders with correct data 1`] = `
<div
  class="sc-bdnylx bHzjGh"
>
  <div
    class="sc-gtssRu UdvtO"
  >
    <img
      class="sc-dlnjPT hmUByI"
      src="empty-like.svg"
    />
    <div
      class="sc-eCApGN bPMHXf"
    >
      <div
        class="sc-gKAblj fvRAFo"
      >
        <img
          class="sc-jSFkmK dJVBbN"
          src="https://i.imgur.com/9fWdwNv.jpg"
        />
        <div
          class="sc-iCoHVE fzJoXs"
        >
          <div
            class="sc-fujyUd gTvrPJ"
          >
            Dragon 1
          </div>
          <span
            class="sc-jrsJCI dSoJwe"
          >
            First flight: 
            2006-08-17
          </span>
        </div>
      </div>
      <img
        class="sc-pNWxx pkHpR"
        src="active.png"
      />
    </div>
    <div
      class="sc-kEqYlL bIqnmr"
    >
      <div
        class="sc-crzoUp diMuj"
      >
        <img
          class="sc-iqAbSa eFdxua"
          src="capsule.png"
        />
        Capsule
      </div>
      <div
        class="sc-crzoUp diMuj"
      >
        <img
          class="sc-iqAbSa eFdxua"
          src="crew.png"
        />
        Crew capacity: 
        0
      </div>
      <div
        class="sc-hKFyIo eYxpGW"
      >
        ▼
      </div>
    </div>
  </div>
</div>
`;
